warning: Indexes specified via `--index-url` will not be persisted to the `pyproject.toml` file; use `--default-index` instead.
Using CPython 3.11.13
Creating virtual environment at: .venv
  × No solution found when resolving dependencies:
  ╰─▶ Because basemap was not found in the package registry and your
      project depends on basemap>=2.0.0, we can conclude that your project's
      requirements are unsatisfiable.
  help: If you want to add the package regardless of the failed resolution,
        provide the `--frozen` flag to skip locking and syncing.
   Building artificial-intelligence-in-medicine @ file:///gpfs/projects/p32234/projects/aerith/artificial_intelligence_in_medicine
Downloading networkx (1.9MiB)
Downloading torch (873.2MiB)
Downloading numpy (16.1MiB)
Downloading cuda-bindings (11.6MiB)
Downloading pillow (6.3MiB)
Downloading ruff (11.1MiB)
Downloading cartopy (11.2MiB)
Downloading pyarrow (40.8MiB)
Downloading basemap (1.0MiB)
Downloading fonttools (4.7MiB)
Downloading pyogrio (31.0MiB)
Downloading scikit-learn (9.3MiB)
Downloading scipy (33.6MiB)
Downloading pyproj (9.1MiB)
Downloading basemap-data (29.1MiB)
Downloading triton (179.5MiB)
Downloading biopython (3.1MiB)
Downloading kiwisolver (1.4MiB)
Downloading igraph (4.2MiB)
Downloading plotly (9.2MiB)
Downloading matplotlib (8.2MiB)
Downloading shapely (3.0MiB)
Downloading pandas (11.8MiB)
 Downloading basemap
 Downloading kiwisolver
  × Failed to build `artificial-intelligence-in-medicine @
  │ file:///gpfs/projects/p32234/projects/aerith/artificial_intelligence_in_medicine`
  ├─▶ The build backend returned an error
  ╰─▶ Call to `flit_core.buildapi.build_editable` failed (exit status: 1)

      [stderr]
      Traceback (most recent call last):
        File
      "/projects/p32234/projects/aerith/.cache/uv/builds-v0/.tmpNWymYI/lib/python3.11/site-packages/flit_core/config.py",
      line 287, in description_from_file
          with desc_path.open('r', encoding='utf-8') as f:
               ^^^^^^^^^^^^^^^^^^^^^^^^^^^^^^^^^^^^^
        File
      "/home/ysc4337/.local/share/uv/python/cpython-3.11.13-linux-x86_64-gnu/lib/python3.11/pathlib.py",
      line 1044, in open
          return io.open(self, mode, buffering, encoding, errors, newline)
                 ^^^^^^^^^^^^^^^^^^^^^^^^^^^^^^^^^^^^^^^^^^^^^^^^^^^^^^^^^
      FileNotFoundError: [Errno 2] No such file or directory: 'README.md'

      During handling of the above exception, another exception occurred:

      Traceback (most recent call last):
        File "<string>", line 14, in <module>
        File
      "/projects/p32234/projects/aerith/.cache/uv/builds-v0/.tmpNWymYI/lib/python3.11/site-packages/flit_core/buildapi.py",
      line 23, in get_requires_for_build_wheel
          info = read_flit_config(pyproj_toml)
                 ^^^^^^^^^^^^^^^^^^^^^^^^^^^^^
        File
      "/projects/p32234/projects/aerith/.cache/uv/builds-v0/.tmpNWymYI/lib/python3.11/site-packages/flit_core/config.py",
      line 85, in read_flit_config
          return prep_toml_config(d, path)
                 ^^^^^^^^^^^^^^^^^^^^^^^^^
        File
      "/projects/p32234/projects/aerith/.cache/uv/builds-v0/.tmpNWymYI/lib/python3.11/site-packages/flit_core/config.py",
      line 112, in prep_toml_config
          loaded_cfg = read_pep621_metadata(d['project'], path)
                       ^^^^^^^^^^^^^^^^^^^^^^^^^^^^^^^^^^^^^^^^
        File
      "/projects/p32234/projects/aerith/.cache/uv/builds-v0/.tmpNWymYI/lib/python3.11/site-packages/flit_core/config.py",
      line 540, in read_pep621_metadata
          desc_content, mimetype = description_from_file(readme, path.parent)
                                   ^^^^^^^^^^^^^^^^^^^^^^^^^^^^^^^^^^^^^^^^^^
        File
      "/projects/p32234/projects/aerith/.cache/uv/builds-v0/.tmpNWymYI/lib/python3.11/site-packages/flit_core/config.py",
      line 291, in description_from_file
          raise ConfigError(
      flit_core.config.ConfigError: Description file README.md does not exist

      hint: This usually indicates a problem with the package or the build
      environment.
