warning: Indexes specified via `--index-url` will not be persisted to the `pyproject.toml` file; use `--default-index` instead.
  × No solution found when resolving dependencies:
  ╰─▶ Because basemap was not found in the package registry and your
      project depends on basemap>=2.0.0, we can conclude that your project's
      requirements are unsatisfiable.
  help: If you want to add the package regardless of the failed resolution,
        provide the `--frozen` flag to skip locking and syncing.
Downloading igraph (4.2MiB)
Downloading pillow (6.3MiB)
Downloading biopython (3.1MiB)
Downloading ruff (11.1MiB)
Downloading basemap-data (29.1MiB)
Downloading pyproj (9.1MiB)
Downloading scipy (33.6MiB)
Downloading cuda-bindings (11.6MiB)
Downloading shapely (3.0MiB)
Downloading triton (179.5MiB)
Downloading matplotlib (8.2MiB)
Downloading scikit-learn (9.3MiB)
Downloading pyogrio (31.0MiB)
Downloading networkx (1.9MiB)
Downloading pyarrow (40.8MiB)
Downloading fonttools (4.7MiB)
Downloading cartopy (11.2MiB)
Downloading torch (873.2MiB)
Downloading numpy (16.1MiB)
Downloading plotly (9.2MiB)
Downloading pandas (11.8MiB)
 Downloading shapely
 Downloading igraph
 Downloading networkx
 Downloading fonttools
 Downloading biopython
 Downloading pillow
 Downloading matplotlib
 Downloading pyproj
 Downloading scikit-learn
 Downloading cartopy
 Downloading ruff
 Downloading cuda-bindings
 Downloading plotly
 Downloading numpy
 Downloading basemap-data
 Downloading pyogrio
 Downloading scipy
 Downloading pandas
 Downloading pyarrow
 Downloading triton
 Downloading torch
Installed 121 packages in 20.26s
2026-02-20 12:23:50.590 | INFO     | artificial_intelligence_in_medicine.config:<module>:11 - PROJ_ROOT path is: /gpfs/projects/p32234/projects/aerith/artificial_intelligence_in_medicine
[32m2026-02-20 12:26:14.709[0m | [1mINFO    [0m | [36martificial_intelligence_in_medicine.modeling._graphs_helpers[0m:[36minitialize_graph[0m:[36m261[0m - [1mInitializing graph for citation modeling.[0m
Traceback (most recent call last):
  File "/gpfs/projects/p32234/projects/aerith/artificial_intelligence_in_medicine/artificial_intelligence_in_medicine/modeling/graphs.py", line 111, in <module>
    main()
  File "/gpfs/projects/p32234/projects/aerith/artificial_intelligence_in_medicine/artificial_intelligence_in_medicine/modeling/graphs.py", line 40, in main
    G: nx.DiGraph[str] = initialize_graph(MODE)
                         ^^^^^^^^^^^^^^^^^^^^^^
  File "/gpfs/projects/p32234/projects/aerith/artificial_intelligence_in_medicine/artificial_intelligence_in_medicine/modeling/_graphs_helpers.py", line 263, in initialize_graph
    df = pd.read_json(features_path)
         ^^^^^^^^^^^^^^^^^^^^^^^^^^^
  File "/gpfs/projects/p32234/projects/aerith/artificial_intelligence_in_medicine/.venv/lib/python3.11/site-packages/pandas/io/json/_json.py", line 791, in read_json
    json_reader = JsonReader(
                  ^^^^^^^^^^^
  File "/gpfs/projects/p32234/projects/aerith/artificial_intelligence_in_medicine/.venv/lib/python3.11/site-packages/pandas/io/json/_json.py", line 904, in __init__
    data = self._get_data_from_filepath(filepath_or_buffer)
           ^^^^^^^^^^^^^^^^^^^^^^^^^^^^^^^^^^^^^^^^^^^^^^^^
  File "/gpfs/projects/p32234/projects/aerith/artificial_intelligence_in_medicine/.venv/lib/python3.11/site-packages/pandas/io/json/_json.py", line 960, in _get_data_from_filepath
    raise FileNotFoundError(f"File {filepath_or_buffer} does not exist")
FileNotFoundError: File /gpfs/projects/p32234/projects/aerith/artificial_intelligence_in_medicine/data/interim/NULL/dataset_with_citation_data.json does not exist
