Resolved 125 packages in 12ms
Uninstalled 53 packages in 14.24s
 - aiohappyeyeballs==2.6.1
 - aiohttp==3.13.3
 - aiosignal==1.4.0
 - cachetools==7.0.1
 - cloudpickle==3.1.2
 - cuda-core==0.3.2
 - cuda-python==12.9.5
 - cuda-toolkit==12.8.1
 - cudf-cu12==26.2.1
 - cugraph-cu12==26.2.0
 - cupy-cuda12x==14.0.1
 - dask==2026.1.1
 - dask-cuda==26.2.0
 - dask-cudf-cu12==26.2.1
 - distributed==2026.1.1
 - distributed-ucxx-cu12==0.48.0
 - frozenlist==1.8.0
 - importlib-metadata==8.7.1
 - libcudf-cu12==26.2.1
 - libcugraph-cu12==26.2.0
 - libkvikio-cu12==26.2.0
 - libraft-cu12==26.2.0
 - librmm-cu12==26.2.0
 - libucx-cu12==1.19.0
 - libucxx-cu12==0.48.0
 - llvmlite==0.44.0
 - locket==1.0.0
 - multidict==6.7.1
 - numba==0.61.2
 - numba-cuda==0.22.2
 - nvidia-cuda-cccl-cu12==12.9.27
 - nvidia-cuda-nvcc-cu12==12.8.93
 - nvidia-libnvcomp-cu12==5.1.0.21
 - nvidia-ml-py==13.590.48
 - nvtx==0.2.14
 - partd==1.4.2
 - propcache==0.4.1
 - psutil==7.2.2
 - pylibcudf-cu12==26.2.1
 - pylibcugraph-cu12==26.2.0
 - pylibraft-cu12==26.2.0
 - raft-dask-cu12==26.2.0
 - rapids-dask-dependency==26.2.0
 - rapids-logger==0.2.3
 - rmm-cu12==26.2.0
 - sortedcontainers==2.4.0
 - tblib==3.2.2
 - toolz==1.1.0
 - tornado==6.5.4
 - ucxx-cu12==0.48.0
 - yarl==1.22.0
 - zict==3.0.0
 - zipp==3.23.0
2026-03-26 11:49:54.529 | INFO     | artificial_intelligence_in_medicine.config:<module>:11 - PROJ_ROOT path is: /gpfs/projects/p32234/projects/aerith/artificial_intelligence_in_medicine
